Usage: uvicorn [OPTIONS] APP
Try 'uvicorn --help' for help.

Error: No such option '--bind'. Did you mean '--fd'?
Usage: uvicorn [OPTIONS] APP
Try 'uvicorn --help' for help.

Error: No such option '--bind'. Did you mean '--fd'?
Usage: uvicorn [OPTIONS] APP
Try 'uvicorn --help' for help.

Error: No such option '--bind'. Did you mean '--fd'?
Usage: uvicorn [OPTIONS] APP
Try 'uvicorn --help' for help.

Error: No such option '--bind'. Did you mean '--fd'?
Usage: uvicorn [OPTIONS] APP
Try 'uvicorn --help' for help.

Error: No such option '--bind'. Did you mean '--fd'?
Usage: uvicorn [OPTIONS] APP
Try 'uvicorn --help' for help.

Error: No such option '--bind'. Did you mean '--fd'?
Usage: uvicorn [OPTIONS] APP
Try 'uvicorn --help' for help.

Error: No such option '--bind'. Did you mean '--fd'?
Usage: uvicorn [OPTIONS] APP
Try 'uvicorn --help' for help.

Error: No such option '--bind'. Did you mean '--fd'?
Usage: uvicorn [OPTIONS] APP
Try 'uvicorn --help' for help.

Error: No such option '--bind'. Did you mean '--fd'?
Usage: uvicorn [OPTIONS] APP
Try 'uvicorn --help' for help.

Error: No such option '--bind'. Did you mean '--fd'?
Usage: uvicorn [OPTIONS] APP
Try 'uvicorn --help' for help.

Error: No such option '--bind'. Did you mean '--fd'?
Usage: uvicorn [OPTIONS] APP
Try 'uvicorn --help' for help.

Error: No such option '--bind'. Did you mean '--fd'?
Usage: uvicorn [OPTIONS] APP
Try 'uvicorn --help' for help.

Error: No such option '--bind'. Did you mean '--fd'?
Usage: uvicorn [OPTIONS] APP
Try 'uvicorn --help' for help.

Error: No such option '--bind'. Did you mean '--fd'?
Usage: uvicorn [OPTIONS] APP
Try 'uvicorn --help' for help.

Error: No such option '--bind'. Did you mean '--fd'?
Usage: uvicorn [OPTIONS] APP
Try 'uvicorn --help' for help.

Error: No such option '--bind'. Did you mean '--fd'?
Usage: uvicorn [OPTIONS] APP
Try 'uvicorn --help' for help.

Error: No such option '--bind'. Did you mean '--fd'?
Usage: uvicorn [OPTIONS] APP
Try 'uvicorn --help' for help.

Error: No such option '--bind'. Did you mean '--fd'?
Usage: uvicorn [OPTIONS] APP
Try 'uvicorn --help' for help.

Error: No such option '--bind'. Did you mean '--fd'?
Usage: uvicorn [OPTIONS] APP
Try 'uvicorn --help' for help.

Error: No such option '--bind'. Did you mean '--fd'?
Usage: uvicorn [OPTIONS] APP
Try 'uvicorn --help' for help.

Error: No such option '--bind'. Did you mean '--fd'?
Usage: uvicorn [OPTIONS] APP
Try 'uvicorn --help' for help.

Error: No such option '--bind'. Did you mean '--fd'?
Usage: uvicorn [OPTIONS] APP
Try 'uvicorn --help' for help.

Error: No such option '--bind'. Did you mean '--fd'?
Usage: uvicorn [OPTIONS] APP
Try 'uvicorn --help' for help.

Error: No such option '--bind'. Did you mean '--fd'?
Usage: uvicorn [OPTIONS] APP
Try 'uvicorn --help' for help.

Error: No such option '--bind'. Did you mean '--fd'?
Usage: uvicorn [OPTIONS] APP
Try 'uvicorn --help' for help.

Error: No such option '--bind'. Did you mean '--fd'?
Usage: uvicorn [OPTIONS] APP
Try 'uvicorn --help' for help.

Error: No such option '--bind'. Did you mean '--fd'?
Usage: uvicorn [OPTIONS] APP
Try 'uvicorn --help' for help.

Error: No such option '--bind'. Did you mean '--fd'?
Usage: uvicorn [OPTIONS] APP
Try 'uvicorn --help' for help.

Error: No such option '--bind'. Did you mean '--fd'?
Usage: uvicorn [OPTIONS] APP
Try 'uvicorn --help' for help.

Error: No such option '--bind'. Did you mean '--fd'?
Usage: uvicorn [OPTIONS] APP
Try 'uvicorn --help' for help.

Error: No such option '--bind'. Did you mean '--fd'?
Usage: uvicorn [OPTIONS] APP
Try 'uvicorn --help' for help.

Error: No such option '--bind'. Did you mean '--fd'?
Usage: uvicorn [OPTIONS] APP
Try 'uvicorn --help' for help.

Error: No such option '--bind'. Did you mean '--fd'?
Usage: uvicorn [OPTIONS] APP
Try 'uvicorn --help' for help.

Error: No such option '--bind'. Did you mean '--fd'?
Usage: uvicorn [OPTIONS] APP
Try 'uvicorn --help' for help.

Error: No such option '--bind'. Did you mean '--fd'?
Usage: uvicorn [OPTIONS] APP
Try 'uvicorn --help' for help.

Error: No such option '--bind'. Did you mean '--fd'?
Usage: uvicorn [OPTIONS] APP
Try 'uvicorn --help' for help.

Error: No such option '--bind'. Did you mean '--fd'?
Usage: uvicorn [OPTIONS] APP
Try 'uvicorn --help' for help.

Error: No such option '--bind'. Did you mean '--fd'?
Usage: uvicorn [OPTIONS] APP
Try 'uvicorn --help' for help.

Error: No such option '--bind'. Did you mean '--fd'?
Usage: uvicorn [OPTIONS] APP
Try 'uvicorn --help' for help.

Error: No such option '--bind'. Did you mean '--fd'?
Usage: uvicorn [OPTIONS] APP
Try 'uvicorn --help' for help.

Error: No such option '--bind'. Did you mean '--fd'?
Usage: uvicorn [OPTIONS] APP
Try 'uvicorn --help' for help.

Error: No such option '--bind'. Did you mean '--fd'?
Usage: uvicorn [OPTIONS] APP
Try 'uvicorn --help' for help.

Error: No such option '--bind'. Did you mean '--fd'?
Usage: uvicorn [OPTIONS] APP
Try 'uvicorn --help' for help.

Error: No such option '--bind'. Did you mean '--fd'?
Usage: uvicorn [OPTIONS] APP
Try 'uvicorn --help' for help.

Error: No such option '--bind'. Did you mean '--fd'?
Usage: uvicorn [OPTIONS] APP
Try 'uvicorn --help' for help.

Error: No such option '--bind'. Did you mean '--fd'?
Usage: uvicorn [OPTIONS] APP
Try 'uvicorn --help' for help.

Error: No such option '--bind'. Did you mean '--fd'?
Usage: uvicorn [OPTIONS] APP
Try 'uvicorn --help' for help.

Error: No such option '--bind'. Did you mean '--fd'?
Usage: uvicorn [OPTIONS] APP
Try 'uvicorn --help' for help.

Error: No such option '--bind'. Did you mean '--fd'?
Usage: uvicorn [OPTIONS] APP
Try 'uvicorn --help' for help.

Error: No such option '--bind'. Did you mean '--fd'?
Usage: uvicorn [OPTIONS] APP
Try 'uvicorn --help' for help.

Error: No such option '--bind'. Did you mean '--fd'?
Usage: uvicorn [OPTIONS] APP
Try 'uvicorn --help' for help.

Error: No such option '--bind'. Did you mean '--fd'?
Usage: uvicorn [OPTIONS] APP
Try 'uvicorn --help' for help.

Error: No such option '--bind'. Did you mean '--fd'?
Usage: uvicorn [OPTIONS] APP
Try 'uvicorn --help' for help.

Error: No such option '--bind'. Did you mean '--fd'?
Usage: uvicorn [OPTIONS] APP
Try 'uvicorn --help' for help.

Error: No such option '--bind'. Did you mean '--fd'?
Usage: uvicorn [OPTIONS] APP
Try 'uvicorn --help' for help.

Error: No such option '--bind'. Did you mean '--fd'?
Usage: uvicorn [OPTIONS] APP
Try 'uvicorn --help' for help.

Error: No such option '--bind'. Did you mean '--fd'?
Usage: uvicorn [OPTIONS] APP
Try 'uvicorn --help' for help.

Error: No such option '--bind'. Did you mean '--fd'?
Usage: uvicorn [OPTIONS] APP
Try 'uvicorn --help' for help.

Error: No such option '--bind'. Did you mean '--fd'?
Usage: uvicorn [OPTIONS] APP
Try 'uvicorn --help' for help.

Error: No such option '--bind'. Did you mean '--fd'?
Usage: uvicorn [OPTIONS] APP
Try 'uvicorn --help' for help.

Error: No such option '--bind'. Did you mean '--fd'?
Usage: uvicorn [OPTIONS] APP
Try 'uvicorn --help' for help.

Error: No such option '--bind'. Did you mean '--fd'?
Usage: uvicorn [OPTIONS] APP
Try 'uvicorn --help' for help.

Error: No such option '--bind'. Did you mean '--fd'?
Usage: uvicorn [OPTIONS] APP
Try 'uvicorn --help' for help.

Error: No such option '--bind'. Did you mean '--fd'?
Usage: uvicorn [OPTIONS] APP
Try 'uvicorn --help' for help.

Error: No such option '--bind'. Did you mean '--fd'?
Usage: uvicorn [OPTIONS] APP
Try 'uvicorn --help' for help.

Error: No such option '--bind'. Did you mean '--fd'?
Usage: uvicorn [OPTIONS] APP
Try 'uvicorn --help' for help.

Error: No such option '--bind'. Did you mean '--fd'?
Usage: uvicorn [OPTIONS] APP
Try 'uvicorn --help' for help.

Error: No such option '--bind'. Did you mean '--fd'?
Usage: uvicorn [OPTIONS] APP
Try 'uvicorn --help' for help.

Error: No such option '--bind'. Did you mean '--fd'?
Usage: uvicorn [OPTIONS] APP
Try 'uvicorn --help' for help.

Error: No such option '--bind'. Did you mean '--fd'?
Usage: uvicorn [OPTIONS] APP
Try 'uvicorn --help' for help.

Error: No such option '--bind'. Did you mean '--fd'?
Usage: uvicorn [OPTIONS] APP
Try 'uvicorn --help' for help.

Error: No such option '--bind'. Did you mean '--fd'?
Usage: uvicorn [OPTIONS] APP
Try 'uvicorn --help' for help.

Error: No such option '--bind'. Did you mean '--fd'?
Usage: uvicorn [OPTIONS] APP
Try 'uvicorn --help' for help.

Error: No such option '--bind'. Did you mean '--fd'?
Usage: uvicorn [OPTIONS] APP
Try 'uvicorn --help' for help.

Error: No such option '--bind'. Did you mean '--fd'?
Usage: uvicorn [OPTIONS] APP
Try 'uvicorn --help' for help.

Error: No such option '--bind'. Did you mean '--fd'?
Usage: uvicorn [OPTIONS] APP
Try 'uvicorn --help' for help.

Error: No such option '--bind'. Did you mean '--fd'?
Usage: uvicorn [OPTIONS] APP
Try 'uvicorn --help' for help.

Error: No such option '--bind'. Did you mean '--fd'?
Usage: uvicorn [OPTIONS] APP
Try 'uvicorn --help' for help.

Error: No such option '--bind'. Did you mean '--fd'?
Usage: uvicorn [OPTIONS] APP
Try 'uvicorn --help' for help.

Error: No such option '--bind'. Did you mean '--fd'?
Usage: uvicorn [OPTIONS] APP
Try 'uvicorn --help' for help.

Error: No such option '--bind'. Did you mean '--fd'?
Usage: uvicorn [OPTIONS] APP
Try 'uvicorn --help' for help.

Error: No such option '--bind'. Did you mean '--fd'?
Usage: uvicorn [OPTIONS] APP
Try 'uvicorn --help' for help.

Error: No such option '--bind'. Did you mean '--fd'?
Usage: uvicorn [OPTIONS] APP
Try 'uvicorn --help' for help.

Error: No such option '--bind'. Did you mean '--fd'?
Usage: uvicorn [OPTIONS] APP
Try 'uvicorn --help' for help.

Error: No such option '--bind'. Did you mean '--fd'?
Usage: uvicorn [OPTIONS] APP
Try 'uvicorn --help' for help.

Error: No such option '--bind'. Did you mean '--fd'?
Usage: uvicorn [OPTIONS] APP
Try 'uvicorn --help' for help.

Error: No such option '--bind'. Did you mean '--fd'?
Usage: uvicorn [OPTIONS] APP
Try 'uvicorn --help' for help.

Error: No such option '--bind'. Did you mean '--fd'?
Usage: uvicorn [OPTIONS] APP
Try 'uvicorn --help' for help.

Error: No such option '--bind'. Did you mean '--fd'?
Usage: uvicorn [OPTIONS] APP
Try 'uvicorn --help' for help.

Error: No such option '--bind'. Did you mean '--fd'?
Usage: uvicorn [OPTIONS] APP
Try 'uvicorn --help' for help.

Error: No such option '--bind'. Did you mean '--fd'?
Usage: uvicorn [OPTIONS] APP
Try 'uvicorn --help' for help.

Error: No such option '--bind'. Did you mean '--fd'?
Usage: uvicorn [OPTIONS] APP
Try 'uvicorn --help' for help.

Error: No such option '--bind'. Did you mean '--fd'?
Usage: uvicorn [OPTIONS] APP
Try 'uvicorn --help' for help.

Error: No such option '--bind'. Did you mean '--fd'?
Usage: uvicorn [OPTIONS] APP
Try 'uvicorn --help' for help.

Error: No such option '--bind'. Did you mean '--fd'?
Usage: uvicorn [OPTIONS] APP
Try 'uvicorn --help' for help.

Error: No such option '--bind'. Did you mean '--fd'?
Usage: uvicorn [OPTIONS] APP
Try 'uvicorn --help' for help.

Error: No such option '--bind'. Did you mean '--fd'?
Usage: uvicorn [OPTIONS] APP
Try 'uvicorn --help' for help.

Error: No such option '--bind'. Did you mean '--fd'?
Usage: uvicorn [OPTIONS] APP
Try 'uvicorn --help' for help.

Error: No such option '--bind'. Did you mean '--fd'?
Usage: uvicorn [OPTIONS] APP
Try 'uvicorn --help' for help.

Error: No such option '--bind'. Did you mean '--fd'?
Usage: uvicorn [OPTIONS] APP
Try 'uvicorn --help' for help.

Error: No such option '--bind'. Did you mean '--fd'?
Usage: uvicorn [OPTIONS] APP
Try 'uvicorn --help' for help.

Error: No such option '--bind'. Did you mean '--fd'?
Usage: uvicorn [OPTIONS] APP
Try 'uvicorn --help' for help.

Error: No such option '--bind'. Did you mean '--fd'?
Usage: uvicorn [OPTIONS] APP
Try 'uvicorn --help' for help.

Error: No such option '--bind'. Did you mean '--fd'?
Usage: uvicorn [OPTIONS] APP
Try 'uvicorn --help' for help.

Error: No such option '--bind'. Did you mean '--fd'?
Usage: uvicorn [OPTIONS] APP
Try 'uvicorn --help' for help.

Error: No such option '--bind'. Did you mean '--fd'?
Usage: uvicorn [OPTIONS] APP
Try 'uvicorn --help' for help.

Error: No such option '--bind'. Did you mean '--fd'?
Usage: uvicorn [OPTIONS] APP
Try 'uvicorn --help' for help.

Error: No such option '--bind'. Did you mean '--fd'?
Usage: uvicorn [OPTIONS] APP
Try 'uvicorn --help' for help.

Error: No such option '--bind'. Did you mean '--fd'?
Usage: uvicorn [OPTIONS] APP
Try 'uvicorn --help' for help.

Error: No such option '--bind'. Did you mean '--fd'?
Usage: uvicorn [OPTIONS] APP
Try 'uvicorn --help' for help.

Error: No such option '--bind'. Did you mean '--fd'?
Usage: uvicorn [OPTIONS] APP
Try 'uvicorn --help' for help.

Error: No such option '--bind'. Did you mean '--fd'?
Usage: uvicorn [OPTIONS] APP
Try 'uvicorn --help' for help.

Error: No such option '--bind'. Did you mean '--fd'?
Usage: uvicorn [OPTIONS] APP
Try 'uvicorn --help' for help.

Error: No such option '--bind'. Did you mean '--fd'?
Usage: uvicorn [OPTIONS] APP
Try 'uvicorn --help' for help.

Error: No such option '--bind'. Did you mean '--fd'?
Usage: uvicorn [OPTIONS] APP
Try 'uvicorn --help' for help.

Error: No such option '--bind'. Did you mean '--fd'?
Usage: uvicorn [OPTIONS] APP
Try 'uvicorn --help' for help.

Error: No such option '--bind'. Did you mean '--fd'?
Usage: uvicorn [OPTIONS] APP
Try 'uvicorn --help' for help.

Error: No such option '--bind'. Did you mean '--fd'?
Usage: uvicorn [OPTIONS] APP
Try 'uvicorn --help' for help.

Error: No such option '--bind'. Did you mean '--fd'?
Usage: uvicorn [OPTIONS] APP
Try 'uvicorn --help' for help.

Error: No such option '--bind'. Did you mean '--fd'?
Usage: uvicorn [OPTIONS] APP
Try 'uvicorn --help' for help.

Error: No such option '--bind'. Did you mean '--fd'?
Usage: uvicorn [OPTIONS] APP
Try 'uvicorn --help' for help.

Error: No such option '--bind'. Did you mean '--fd'?
Usage: uvicorn [OPTIONS] APP
Try 'uvicorn --help' for help.

Error: No such option '--bind'. Did you mean '--fd'?
Usage: uvicorn [OPTIONS] APP
Try 'uvicorn --help' for help.

Error: No such option '--bind'. Did you mean '--fd'?
Usage: uvicorn [OPTIONS] APP
Try 'uvicorn --help' for help.

Error: No such option '--bind'. Did you mean '--fd'?
Usage: uvicorn [OPTIONS] APP
Try 'uvicorn --help' for help.

Error: No such option '--bind'. Did you mean '--fd'?
Usage: uvicorn [OPTIONS] APP
Try 'uvicorn --help' for help.

Error: No such option '--bind'. Did you mean '--fd'?
Usage: uvicorn [OPTIONS] APP
Try 'uvicorn --help' for help.

Error: No such option '--bind'. Did you mean '--fd'?
Usage: uvicorn [OPTIONS] APP
Try 'uvicorn --help' for help.

Error: No such option '--bind'. Did you mean '--fd'?
Usage: uvicorn [OPTIONS] APP
Try 'uvicorn --help' for help.

Error: No such option '--bind'. Did you mean '--fd'?
Usage: uvicorn [OPTIONS] APP
Try 'uvicorn --help' for help.

Error: No such option '--bind'. Did you mean '--fd'?
Usage: uvicorn [OPTIONS] APP
Try 'uvicorn --help' for help.

Error: No such option '--bind'. Did you mean '--fd'?
Usage: uvicorn [OPTIONS] APP
Try 'uvicorn --help' for help.

Error: No such option '--bind'. Did you mean '--fd'?
Usage: uvicorn [OPTIONS] APP
Try 'uvicorn --help' for help.

Error: No such option '--bind'. Did you mean '--fd'?
Usage: uvicorn [OPTIONS] APP
Try 'uvicorn --help' for help.

Error: No such option '--bind'. Did you mean '--fd'?
Usage: uvicorn [OPTIONS] APP
Try 'uvicorn --help' for help.

Error: No such option '--bind'. Did you mean '--fd'?
Usage: uvicorn [OPTIONS] APP
Try 'uvicorn --help' for help.

Error: No such option '--bind'. Did you mean '--fd'?
Usage: uvicorn [OPTIONS] APP
Try 'uvicorn --help' for help.

Error: No such option '--bind'. Did you mean '--fd'?
Usage: uvicorn [OPTIONS] APP
Try 'uvicorn --help' for help.

Error: No such option '--bind'. Did you mean '--fd'?
Usage: uvicorn [OPTIONS] APP
Try 'uvicorn --help' for help.

Error: No such option '--bind'. Did you mean '--fd'?
Usage: uvicorn [OPTIONS] APP
Try 'uvicorn --help' for help.

Error: No such option '--bind'. Did you mean '--fd'?
Usage: uvicorn [OPTIONS] APP
Try 'uvicorn --help' for help.

Error: No such option '--bind'. Did you mean '--fd'?
Usage: uvicorn [OPTIONS] APP
Try 'uvicorn --help' for help.

Error: No such option '--bind'. Did you mean '--fd'?
Usage: uvicorn [OPTIONS] APP
Try 'uvicorn --help' for help.

Error: No such option '--bind'. Did you mean '--fd'?
INFO:     Started server process [6026]
INFO:     Waiting for application startup.
INFO:     Application startup complete.
INFO:     Uvicorn running on http://0.0.0.0:8000 (Press CTRL+C to quit)
INFO:     Shutting down
INFO:     Waiting for application shutdown.
INFO:     Application shutdown complete.
INFO:     Finished server process [6026]
